usb_core.c:71:13:USB_OTG_WritePacket	8	static
usb_core.c:94:7:USB_OTG_ReadPacket	8	static
usb_core.c:112:13:USB_OTG_SelectCore	20	static
usb_core.c:184:13:USB_OTG_CoreInit	24	static
usb_core.c:309:13:USB_OTG_EnableGlobalInt	0	static
usb_core.c:322:13:USB_OTG_DisableGlobalInt	0	static
usb_core.c:334:13:USB_OTG_FlushTxFifo	16	static
usb_core.c:360:13:USB_OTG_FlushRxFifo	16	static
usb_core.c:385:13:USB_OTG_SetCurrentMode	8	static
usb_core.c:411:10:USB_OTG_GetMode	0	static
usb_core.c:418:9:USB_OTG_IsDeviceMode	0	static
usb_core.c:425:9:USB_OTG_IsHostMode	0	static
usb_core.c:432:10:USB_OTG_ReadCoreItr	0	static
usb_core.c:442:10:USB_OTG_ReadOtgItr	0	static
usb_core.c:449:13:USB_OTG_CoreInitHost	24	static
usb_core.c:519:9:USB_OTG_IsEvenFrame	0	static
usb_core.c:525:6:USB_OTG_DriveVbus	16	static
usb_core.c:551:13:USB_OTG_EnableHostInt	4	static
usb_core.c:579:6:USB_OTG_InitFSLSPClkSel	0	static
usb_core.c:590:10:USB_OTG_ReadHPRT0	0	static
usb_core.c:604:10:USB_OTG_ReadHostAllChannels_intr	0	static
usb_core.c:611:10:USB_OTG_ResetPort	16	static
usb_core.c:627:13:USB_OTG_HC_Init	24	static
usb_core.c:732:13:USB_OTG_HC_StartXfer	20	static
usb_core.c:844:13:USB_OTG_HC_Halt	0	static
usb_core.c:879:13:USB_OTG_HC_DoPing	0	static
usb_core.c:898:6:USB_OTG_StopHost	16	static
